{
  parts: [
    {
      range: {
        start: 0,
        endExclusive: 6
      },
      editorRange: {
        startLineNumber: 1,
        startColumn: 1,
        endLineNumber: 1,
        endColumn: 7
      },
      agent: {
        id: "agent",
        name: "agent",
        extensionId: {
          value: "nullExtensionDescription",
          _lower: "nullextensiondescription"
        },
        locations: [ "panel" ],
        metadata: { description: "" },
        slashCommands: [
          {
            name: "subCommand",
            description: ""
          }
        ]
      },
      kind: "agent"
    },
    {
      range: {
        start: 6,
        endExclusive: 35
      },
      editorRange: {
        startLineNumber: 1,
        startColumn: 7,
        endLineNumber: 1,
        endColumn: 36
      },
      text: " Please do /subCommand thanks",
      kind: "text"
    }
  ],
  text: "@agent Please do /subCommand thanks"
}