{
  requesterUsername: "test",
  requesterAvatarIconUri: undefined,
  responderUsername: "test",
  responderAvatarIconUri: undefined,
  initialLocation: "panel",
  welcomeMessage: undefined,
  requests: [  ]
}