[
  {
    content: {
      value: "markdown1markdown2",
      isTrusted: { enabledCommands: [  ] },
      supportThemeIcons: false,
      supportHtml: false
    },
    kind: "markdownContent"
  }
]